---
created: "2019-03-03T03:16:53.867756Z"
creator: insta@0.6.3
source: src/rules/given/tests.rs
expression: data
---
{
  "given": "areas",
  "what": areas,
  "where": Some(AreaClause(
    type: "AreaClause",
    name: None,
    type: None,
  )),
  "do": Action(
    lhs: Count,
    op: Some(GreaterThan),
    rhs: Some(Integer(2)),
  ),
}
