---
created: "2019-03-09T20:36:53.748233Z"
creator: insta@0.6.3
source: src/rules/given/tests.rs
expression: data
---
Rule(
  given: "these-courses",
  courses: [
    Rule(
      course: "ASIAN 110",
    ),
    Rule(
      course: "ASIAN 110",
    ),
  ],
  repeats: first,
  what: courses,
  where: Some(CourseClause(
  )),
  limit: Some([
  ]),
  action: Some(count(Single(GreaterThan(2)))),
)
