---
created: "2019-03-03T15:28:01.844160Z"
creator: insta@0.6.3
source: src/rules/given/tests.rs
expression: data
---
{
  "given": "save",
  "save": "$my_var",
  "what": courses,
  "where": Some(CourseClause(
  )),
  "limit": Some([
  ]),
  "do": Action(
    lhs: Count,
    op: Some(GreaterThan),
    rhs: Some(Integer(2)),
  ),
}
