---
created: "2019-03-09T18:53:39.289529Z"
creator: insta@0.6.3
source: src/rules/given/tests.rs
expression: data
---
Rule(
  given: "these-requirements",
  requirements: [
    "A Name 1",
    "A Name 2",
  ],
  what: courses({
    "count": Single(GreaterThan(2)),
  }),
  where: Some(CourseClause(
  )),
  limit: Some([
  ]),
)
