---
created: "2019-03-03T15:28:01.844503Z"
creator: insta@0.6.3
source: src/rules/given/tests.rs
expression: data
---
{
  "given": "these-courses",
  "courses": [
    Rule(
      course: "ASIAN 110",
    ),
    Rule(
      course: "ASIAN 110",
    ),
  ],
  "repeats": first,
  "what": courses,
  "where": Some(CourseClause(
  )),
  "limit": Some([
  ]),
  "do": Action(
    lhs: Count,
    op: Some(GreaterThan),
    rhs: Some(Integer(2)),
  ),
}
