---
created: "2019-03-03T22:35:54.760270Z"
creator: insta@0.6.3
source: src/rules/tests.rs
expression: data
---
- type: course
  course: ASIAN 101
- type: course
  course: ASIAN 101
  grade: ~
  section: ~
  year: 2014
  semester: Fall
  lab: ~
  can_match_used: ~
- type: requirement
  name: Name
  optional: true
- type: count-of
  count: 1
  of:
    - type: course
      course: ASIAN 101
- type: both
  both:
    - type: course
      course: ASIAN 101
    - type: course
      course: ASIAN 101
      grade: ~
      section: ~
      year: 2014
      semester: Fall
      lab: ~
      can_match_used: ~
- type: either
  either:
    - type: course
      course: ASIAN 101
    - type: course
      course: ASIAN 101
      grade: ~
      section: ~
      year: 2014
      semester: Fall
      lab: ~
      can_match_used: ~
- type: given
  given: courses
  what: courses
  where: {}
  limit: []
  do:
    lhs: Count
    op: LessThan
    rhs:
      Integer: 2
- type: do
  do:
    lhs:
      String: a
    op: LessThan
    rhs:
      String: b
