---
created: "2019-03-03T03:16:53.929766Z"
creator: insta@0.6.3
source: src/rules/tests.rs
expression: data
---
- course: ASIAN 101
- course: ASIAN 101
  grade: ~
  section: ~
  year: 2014
  semester: Fall
  lab: ~
  can_match_used: ~
- requirement: Name
  optional: true
- count: 1
  of:
    - course: ASIAN 101
- both:
    - course: ASIAN 101
    - course: ASIAN 101
      grade: ~
      section: ~
      year: 2014
      semester: Fall
      lab: ~
      can_match_used: ~
- either:
    - course: ASIAN 101
    - course: ASIAN 101
      grade: ~
      section: ~
      year: 2014
      semester: Fall
      lab: ~
      can_match_used: ~
- given: courses
  what: courses
  where:
    attribute: ~
    course: ~
    credits: ~
    gereqs: ~
    graded: ~
    institution: ~
    level: ~
    number: ~
    type: ~
    semester: ~
    subject: ~
    year: ~
  limit: []
  do:
    lhs: Count
    op: LessThan
    rhs:
      Integer: 2
- do:
    lhs:
      String: a
    op: LessThan
    rhs:
      String: b
